[
    {
        "1": {
            "instructions": "Preheat oven to 180 C (350 F) standard / 160 C (320 F) fan-forced",
            "ingredients": [
                "oven",
                "C"
            ],
            "ingredientsQuantity": [
                180,
                -1
            ],
            "resourcesRequired": [
                "oven1"
            ],
            "prepStep": false,
            "verbs": [
                "forced"
            ],
            "stepTime": 2,
            "userTime": 2,
            "holdingResource": "oven1",
            "holdingID": 0
        }
    },
    {
        "2": {
            "instructions": " Grease and line an 8-inch round cake pan\u00a0with baking or parchment paper",
            "ingredients": [
                "baking"
            ],
            "ingredientsQuantity": [
                -1
            ],
            "resourcesRequired": [
                "pan1"
            ],
            "prepStep": false,
            "verbs": [
                "line"
            ],
            "stepTime": 1,
            "userTime": 1,
            "holdingResource": "pan1",
            "holdingID": 1
        }
    },
    {
        "3": {
            "instructions": "In a large mixing bowl, add flour, baking powder, baking soda, salt and sugar",
            "ingredients": [
                "salt",
                "powder",
                "flour",
                "sugar",
                "baking soda"
            ],
            "ingredientsQuantity": [
                -1,
                -1,
                -1,
                -1,
                -1,
                -1,
                -1
            ],
            "resourcesRequired": [
                "large mixing bowl",
                
            ],
            "prepStep": false,
            "verbs": [
                "add"
            ],
            "stepTime": 6,
            "userTime": 6,
            "holdingResource": "bowl1",
            "holdingID": 2
        }
    },
    {
        "4": {
            "instructions": " Add chopped apple and stir briefly to combine",
            "ingredients": [
                "apple"
            ],
            "ingredientsQuantity": [
                -1
            ],
            "resourcesRequired": [
                "bowl1"
            ],
            "prepStep": false,
            "verbs": [
                "add",
                "chopped",
                "stir"
            ],
            "stepTime": 3,
            "userTime": 3,
            "holdingResource": "bowl1",
            "holdingID": 2
        }
    },
    {
        "5": {
            "instructions": "In a separate bowl, add eggs, vanilla, oil and yoghurt",
            "ingredients": [
                "eggs",
                "vanilla",
                "oil"
            ],
            "ingredientsQuantity": [
                -1,
                -1,
                -1
            ],
            "resourcesRequired": [
                "bowl2"
            ],
            "prepStep": false,
            "verbs": [
                "add"
            ],
            "stepTime": 3,
            "userTime": 3,
            "holdingResource": "bowl2",
            "holdingID": 3
        }
    },
    {
        "6": {
            "instructions": " Whisk briefly\u00a0just to break up the egg yolks",
            "ingredients": [
                "egg yolks"
            ],
            "ingredientsQuantity": [
                -1
            ],
            "resourcesRequired": [
                "bowl2"
            ],
            "prepStep": false,
            "verbs": [],
            "stepTime": 0,
            "userTime": 0,
            "holdingResource": "bowl2",
            "holdingID": 3
        }
    },
    {
        "7": {
            "instructions": "Add vanilla and egg yolks mix to bowl with flour and gently mix with a wooden spoon until combined \u2013 but be careful not to over mix",
            "ingredients": ["flour", "egg yolks", "vanilla"],
            "ingredientsQuantity": [],
            "resourcesRequired": [
                "bowl1"
            ],
            "prepStep": true,
            "verbs": [
                "add",
                "mix",
                "combined"
            ],
            "stepTime": 0,
            "userTime": 0,
            "holdingResource": "bowl1",
            "holdingID": 2
        }
    },
    {
        "8": {
            "instructions": "Spoon vanilla mix into prepared pan",
            "ingredients": ["vanilla"],
            "ingredientsQuantity": [],
            "resourcesRequired": [
                "pan1"
            ],
            "prepStep": false,
            "verbs": [
                "spoon"
            ],
            "stepTime": 0,
            "userTime": 0,
            "holdingResource": "pan1",
            "holdingID": 1
        }
    },
    {
        "9": {
            "instructions": "To make cinnamon topping, combine cinnamon, sugar and butter",
            "ingredients": [
                "butter",
                "sugar",
                "cinnamon topping"
            ],
            "ingredientsQuantity": [
                -1,
                -1,
                -1
            ],
            "resourcesRequired": [
                "bowl3"
            ],
            "prepStep": true,
            "verbs": [
                "combine"
            ],
            "stepTime": 3,
            "userTime": 3,
            "holdingResource": "bowl3",
            "holdingID": 4
        }
    },
    {
        "10": {
            "instructions": " Mix together until lumpy and wet",
            "ingredients": [],
            "ingredientsQuantity": [],
            "resourcesRequired": [
                "bowl3"
            ],
            "prepStep": true,
            "verbs": [
                "mix"
            ],
            "stepTime": 0,
            "userTime": 0,
            "holdingResource": "bowl3",
            "holdingID": 4
        }
    },
    {
        "11": {
            "instructions": " Sprinkle over cake batter in pan",
            "ingredients": ["cake"],
            "ingredientsQuantity": [],
            "resourcesRequired": [
                "pan1"
            ],
            "prepStep": false,
            "verbs": [
                "sprinkle"
            ],
            "stepTime": 0,
            "userTime": 0,
            "holdingResource": "pan1",
            "holdingID": 1
        }
    },
    {
        "12": {
            "instructions": "Bake cake for approximately 30-35 minutes or until a skewer inserted into the middle comes out clean",
            "ingredients": ["cake"],
            "ingredientsQuantity": [],
            "resourcesRequired": [
                "skewer",
                "oven1"
            ],
            "prepStep": false,
            "verbs": [
                "bake",
                "inserted",
                "comes"
            ],
            "stepTime": 35,
            "userTime": 2,
            "holdingResource": "oven1",
            "holdingID": 0
        }
    },
    {
        "13": {
            "instructions": " Transfer cake to a wire rack to cool completely",
            "lineNumber": 3,
            "ingredients": [],
            "ingredientsQuantity": [],
            "resourcesRequired": [
                "oven1"
            ],
            "prepStep": false,
            "verbs": [],
            "stepTime": 0,
            "userTime": 0,
            "holdingResource": "oven1",
            "holdingID": 0
        }
    },
    {
        "14": {
            "instructions": "To make the glaze, mix together sugar and 1 tablespoon of milk",
            "ingredients": [
                "sugar",
                "milk"
            ],
            "ingredientsQuantity": [
                -1,
                -1
            ],
            "resourcesRequired": [
                "bowl4"
            ],
            "prepStep": true,
            "verbs": [
                "mix"
            ],
            "stepTime": 4,
            "userTime": 4,
            "holdingResource": "bowl4",
            "holdingID": 5
        }
    },
    {
        "15": {
            "instructions": " Stir until smooth",
            "ingredients": [],
            "ingredientsQuantity": [],
            "resourcesRequired": [
                "bowl4"
            ],
            "prepStep": false,
            "verbs": [],
            "stepTime": 0,
            "userTime": 0,
            "holdingResource": "bowl4",
            "holdingID": 5
        }
    },
    {
        "16": {
            "instructions": " If the glaze is too thick, add an extra tablespoon of milk",
            "ingredients": [
                "extra tablespoon",
                "milk",
                "glaze"
            ],
            "ingredientsQuantity": [
                -1,
                -1
            ],
            "resourcesRequired": [
                "bowl4"
            ],
            "prepStep": false,
            "verbs": [
                "add"
            ],
            "stepTime": 2,
            "userTime": 2,
            "holdingResource": "bowl4",
            "holdingID": 5
        }
    },
    {
        "17": {
            "instructions": " Drizzle glaze all over the cake",
            "ingredients": ["glaze"],
            "ingredientsQuantity": [],
            "resourcesRequired": [
                "oven1"
            ],
            "prepStep": false,
            "verbs": [],
            "stepTime": 0,
            "userTime": 0,
            "holdingResource": "oven1",
            "holdingID": 0
        }
    }
]