[
    {
        "1": {
            "instructions": "Sprinkle ribs with salt and pepper",
            "ingredientList": [
                "pepper",
                "ribs",
                "salt"
            ],
            "ingredientQuantity": [
                -1,
                -1,
                -1
            ],
            "resourcesRequired": [
                "N/A"
            ],
            "prepStep": false,
            "verbs": [
                "sprinkle"
            ],
            "stepTime": 3,
            "userTime": 3,
            "holdingResource": "N/A",
            "holdingID": -1
        }
    },
    {
        "2": {
            "instructions": " In a large skillet, heat oil over medium heat",
            "ingredientList": [
                "oil"
            ],
            "ingredientQuantity": [
                -1
            ],
            "resourcesRequired": [
                "large skillet"
            ],
            "prepStep": false,
            "verbs": [],
            "stepTime": 1,
            "userTime": 1,
            "holdingResource": "skillet1",
            "holdingID": 0
        }
    },
    {
        "3": {
            "instructions": " In batches, brown ribs on all sides",
            "ingredientList": [
                "brown ribs"
            ],
            "ingredientQuantity": [
                -1
            ],
            "resourcesRequired": [
                "skillet1"
            ],
            "prepStep": false,
            "verbs": [
                "transfer"
            ],
            "stepTime": 1,
            "userTime": 1,
            "holdingResource": "skillet1",
            "holdingID": 0
        }
    },
    {
        "4": {
            "instructions": " transfer to a 4- or 5-qt. slow cooker",
            "ingredientList": [
                "brown ribs"
            ],
            "ingredientQuantity": [
                -1
            ],
            "resourcesRequired": [
                "slow cooker1"
            ],
            "prepStep": false,
            "verbs": [
                "transfer"
            ],
            "stepTime": 1,
            "userTime": 1,
            "holdingResource": "slow cooker1",
            "holdingID": 1
        }
    },
    {
        "5": {
            "instructions": " Add carrots, broth, thyme and bay leaf to ribs",
            "ingredientList": [
                "thyme",
                "carrots",
                "ribs",
                "broth"
            ],
            "ingredientQuantity": [
                -1,
                -1,
                -1,
                -1
            ],
            "resourcesRequired": [
                "skillet1"
            ],
            "prepStep": false,
            "verbs": [],
            "stepTime": 4,
            "userTime": 4,
            "holdingResource": "slow cooker1",
            "holdingID": 1
        }
    },
    {
        "6": {
            "instructions": ",    Add onions to the same skillet; cook and stir over medium heat 8-9 minutes or until tender",
            "ingredientList": [
                "onions"
            ],
            "ingredientQuantity": [
                -1
            ],
            "resourcesRequired": [
                "skillet1"
            ],
            "prepStep": false,
            "verbs": [
                "add",
                "cook",
                "stir"
            ],
            "stepTime": 8,
            "userTime": 5,
            "holdingResource": "skillet1",
            "holdingID": 0
        }
    },
    {
        "7": {
            "instructions": " Add garlic and tomato paste; cook and stir 1 minute longer",
            "ingredientList": [
                "garlic"
            ],
            "ingredientQuantity": [
                -1
            ],
            "resourcesRequired": [
                "skillet1"
            ],
            "prepStep": false,
            "verbs": [
                "add",
                "cook",
                "stir"
            ],
            "stepTime": 1,
            "userTime": 1,
            "holdingResource": "skillet1",
            "holdingID": 0
        }
    },
    {
        "8": {
            "instructions": " Stir in wine",
            "ingredientList": [
                "wine"
            ],
            "ingredientQuantity": [
                -1
            ],
            "resourcesRequired": [
                "skillet1"
            ],
            "prepStep": false,
            "verbs": [],
            "stepTime": 2,
            "userTime": 2,
            "holdingResource": "skillet1",
            "holdingID": 0
        }
    },
    {
        "9": {
            "instructions": " Bring to a boil; cook 8-10 minutes or until liquid is reduced by half",
            "ingredientList": [],
            "ingredientQuantity": [],
            "resourcesRequired": [
                "skillet1"
            ],
            "prepStep": false,
            "verbs": [
                "bring",
                "cook",
                "reduced"
            ],
            "stepTime": 10,
            "userTime": 5,
            "holdingResource": "skillet1",
            "holdingID": 0
        }
    },
    {
        "10": {
            "instructions": " Add to slow cooker",
            "ingredientList": [],
            "ingredientQuantity": [],
            "resourcesRequired": [
                "slow cooker1"
            ],
            "prepStep": false,
            "verbs": [
                "add"
            ],
            "stepTime": 2,
            "userTime": 2,
            "holdingResource": "slow cooker1",
            "holdingID": 1
        }
    },
    {
        "11": {
            "instructions": " Cook, covered, on low 6-8 hours or until meat is tender",
            "ingredientList": [],
            "ingredientQuantity": [],
            "resourcesRequired": [
                "slow cooker1"
            ],
            "prepStep": false,
            "verbs": [
                "covered"
            ],
            "stepTime": 360,
            "userTime": 2,
            "holdingResource": "slow cooker1",
            "holdingID": 1
        }
    },
    {
        "12": {
            "instructions": ",    Remove ribs and vegetables; keep warm",
            "ingredientList": [
                "ribs"
            ],
            "ingredientQuantity": [
                -1
            ],
            "resourcesRequired": [
                "slow cooker1"
            ],
            "prepStep": false,
            "verbs": [
                "keep"
            ],
            "stepTime": 1,
            "userTime": 1,
            "holdingResource": "slow cooker1",
            "holdingID": 1
        }
    },
    {
        "13": {
            "instructions": " Transfer cooking juices to a small saucepan; skim off fat",
            "ingredientList": [],
            "ingredientQuantity": [],
            "resourcesRequired": [
                "saucepan1"
            ],
            "prepStep": false,
            "verbs": [
                "cooking"
            ],
            "stepTime": 2,
            "userTime": 2,
            "holdingResource": "saucepan1",
            "holdingID": 2
        }
    },
    {
        "14": {
            "instructions": " Discard thyme and bay leaf",
            "ingredientList": [
                "thyme"
            ],
            "ingredientQuantity": [
                -1
            ],
            "resourcesRequired": [
                "saucepan1"
            ],
            "prepStep": false,
            "verbs": [],
            "stepTime": 2,
            "userTime": 2,
            "holdingResource": "saucepan1",
            "holdingID": 2
        }
    },
    {
        "15": {
            "instructions": " Bring juices to a boil",
            "ingredientList": [],
            "ingredientQuantity": [],
            "resourcesRequired": [
                "saucepan1"
            ],
            "prepStep": false,
            "verbs": [
                "bring"
            ],
            "stepTime": 2,
            "userTime": 2,
            "holdingResource": "saucepan1",
            "holdingID": 2
        }
    },
    {
        "16": {
            "instructions": " In a small bowl, mix cornstarch and water until smooth",
            "ingredientList": [
                "water",
                "cornstarch"
            ],
            "ingredientQuantity": [
                -1,
                -1
            ],
            "resourcesRequired": [
                "small bowl"
            ],
            "prepStep": true,
            "verbs": [
                "mix",
                "stir"
            ],
            "stepTime": 6,
            "userTime": 6,
            "holdingResource": "bowl1",
            "holdingID": 3
        }
    },
    {
        "17": {
            "instructions": "stir into cooking juices",
            "ingredientList": [
                "cooking juices"
            ],
            "ingredientQuantity": [
                -1,
                -1
            ],
            "resourcesRequired": [
                "saucepan1"
            ],
            "prepStep": true,
            "verbs": [
                "mix",
                "stir"
            ],
            "stepTime": 6,
            "userTime": 6,
            "holdingResource": "saucepan1",
            "holdingID": 2
        }
    },
    {
        "17": {
            "instructions": " Return to a boil; cook and stir 1-2 minutes or until thickened",
            "ingredientList": [],
            "ingredientQuantity": [],
            "resourcesRequired": [
                "saucepan1"
            ],
            "prepStep": false,
            "verbs": [
                "return",
                "cook",
                "stir",
                "thickened"
            ],
            "stepTime": 2,
            "userTime": 2,
            "holdingResource": "saucepan1",
            "holdingID": 2
        }
    },
    {
        "18": {
            "instructions": " cook and stir 1-2 minutes or until thickened",
            "ingredientList": [],
            "ingredientQuantity": [],
            "resourcesRequired": [
                "saucepan1"
            ],
            "prepStep": false,
            "verbs": [
                "return",
                "cook",
                "stir",
                "thickened"
            ],
            "stepTime": 2,
            "userTime": 2,
            "holdingResource": "saucepan1",
            "holdingID": 2
        }
    },
    {
        "18": {
            "instructions": " If desired, sprinkle with additional salt and pepper",
            "ingredientList": [
                "pepper",
                "additional salt"
            ],
            "ingredientQuantity": [
                -1,
                -1
            ],
            "resourcesRequired": [
                "saucepan1"
            ],
            "prepStep": false,
            "verbs": [
                "sprinkle"
            ],
            "stepTime": 2,
            "userTime": 2,
            "holdingResource": "saucepan1",
            "holdingID": 2
        }
    },
    {
        "19": {
            "instructions": " Serve with ribs and vegetables",
            "ingredientList": [
                "ribs"
            ],
            "ingredientQuantity": [
                -1
            ],
            "resourcesRequired": [
                "saucepan1"
            ],
            "prepStep": false,
            "verbs": [
                "serve"
            ],
            "stepTime": 1,
            "userTime": 1,
            "holdingResource": "saucepan1",
            "holdingID": 2
        }
    }
]