[
    {
        "1": {
            "instructions": "In a 3-qt. slow cooker, combine the first 12 ingredients",
            "ingredientList": [],
            "ingredientQuantity": [],
            "resourcesRequired": [
                "slow cooker1"
            ],
            "prepStep": false,
            "verbs": [],
            "stepTime": 2,
            "userTime": 2,
            "holdingResource": "slow cooker1",
            "holdingID": 0
        }
    },
    {
        "2": {
            "instructions": " Cover and cook on low for 7-8 hours or until meat is tender",
            "ingredientList": [
                "meat"
            ],
            "ingredientQuantity": [
                -1
            ],
            "resourcesRequired": [
                "slow cooker1"
            ],
            "prepStep": false,
            "verbs": [
                "cover",
                "cook"
            ],
            "stepTime": 420,
            "userTime": 2,
            "holdingResource": "slow cooker1",
            "holdingID": 0
        }
    },
    {
        "3": {
            "instructions": " Discard bay leaves",
            "ingredientList": [
                "bay"
            ],
            "ingredientQuantity": [
                -1
            ],
            "resourcesRequired": [
                "N/A"
            ],
            "prepStep": false,
            "verbs": [
                "leaves"
            ],
            "stepTime": 1,
            "userTime": 1,
            "holdingResource": "N/A",
            "holdingID": -1
        }
    },
    {
        "4": {
            "instructions": ",    In a small bowl, combine cornstarch and water until smooth; stir into stew",
            "ingredientList": [
                "stew",
                "water",
                "cornstarch"
            ],
            "ingredientQuantity": [
                -1,
                -1,
                -1
            ],
            "resourcesRequired": [
                "small bowl"
            ],
            "prepStep": true,
            "verbs": [
                "combine",
                "stir"
            ],
            "stepTime": 6,
            "userTime": 6,
            "holdingResource": "bowl1",
            "holdingID": 1
        }
    },
    {
        "5": {
            "instructions": " Add corn and peas",
            "ingredientList": [
                "corn"
            ],
            "ingredientQuantity": [
                -1
            ],
            "resourcesRequired": [
                "bowl1"
            ],
            "prepStep": false,
            "verbs": [
                "add"
            ],
            "stepTime": 1,
            "userTime": 1,
            "holdingResource": "bowl1",
            "holdingID": 1
        }
    },
    {
        "6": {
            "instructions": " Cover and cook on high for 30 minutes or until thickened",
            "ingredientList": [],
            "ingredientQuantity": [],
            "resourcesRequired": [
                "bowl1"
            ],
            "prepStep": false,
            "verbs": [
                "cover",
                "cook"
            ],
            "stepTime": 30,
            "userTime": 2,
            "holdingResource": "bowl1",
            "holdingID": 1
        }
    }
]