[
    {
        "1": {
            "instructions": "Preheat the oven to 425 degrees F",
            "ingredientList": [],
            "ingredientQuantity": [],
            "resourcesRequired": [
                "oven1"
            ],
            "prepStep": true,
            "verbs": [
                "preheat"
            ],
            "stepTime": 1,
            "userTime": 1,
            "holdingResource": "oven1",
            "holdingID": 0
        }
    },
    {
        "2": {
            "instructions": " Put the salt and caraway seeds into a bowl, mince or grate in the garlic, and stir to combine",
            "ingredientList": [
                "salt",
                "seeds",
                "caraway",
                "garlic"
            ],
            "ingredientQuantity": [
                -1,
                -1,
                -1,
                -1
            ],
            "resourcesRequired": [
                "bowl"
            ],
            "prepStep": true,
            "verbs": [
                "put",
                "stir",
                "combine"
            ],
            "stepTime": 16,
            "userTime": 16,
            "holdingResource": "bowl1",
            "holdingID": 1
        }
    },
    {
        "3": {
            "instructions": " Add the pork knuckles and rub them well with the caraway mixture, getting it into the slits in the rind where it was scored",
            "ingredientList": [
                "caraway mixture",
                "rind",
                "pork knuckles"
            ],
            "ingredientQuantity": [
                -1,
                -1,
                -1
            ],
            "resourcesRequired": [
                "bowl1"
            ],
            "prepStep": false,
            "verbs": [
                "add",
                "rub",
                "scored"
            ],
            "stepTime": 9,
            "userTime": 9,
            "holdingResource": "bowl1",
            "holdingID": 1
        }
    },
    {
        "4": {
            "instructions": "Peel the onions and slice them into rounds and add them to the bottom of a roasting tin, making a bed or platform",
            "ingredientList": [
                "roasting tin",
                "onions"
            ],
            "ingredientQuantity": [
                -1,
                -1
            ],
            "resourcesRequired": [
                "cutting board1"
            ],
            "prepStep": true,
            "verbs": [
                "peel",
                "slice",
                "add"
            ],
            "stepTime": 16,
            "userTime": 16,
            "holdingResource": "cutting board1",
            "holdingID": 2
        }
    },
    {
        "5": {
            "instructions": " Sit the knuckles on top of the onions and cook them for 30 minutes",
            "ingredientList": [
                "knuckles",
                "onions"
            ],
            "ingredientQuantity": [
                -1,
                -1
            ],
            "resourcesRequired": [
                "cutting board1"
            ],
            "prepStep": false,
            "verbs": [
                "sit",
                "cook"
            ],
            "stepTime": 30,
            "userTime": 2,
            "holdingResource": "cutting board1",
            "holdingID": 2
        }
    },
    {
        "6": {
            "instructions": "Take the tin out of the oven and quickly arrange the apples and potatoes around the knuckles",
            "ingredientList": [
                "tin",
                "potatoes"
            ],
            "ingredientQuantity": [
                -1,
                -1
            ],
            "resourcesRequired": [
                "cutting board1"
            ],
            "prepStep": false,
            "verbs": [
                "take",
                "arrange"
            ],
            "stepTime": 4,
            "userTime": 4,
            "holdingResource": "cutting board1",
            "holdingID": 2
        }
    },
    {
        "7": {
            "instructions": " Carefully pour 1 cup of the beer over the knuckles, so they are basted as the liquid pours into the tin",
            "ingredientList": [
                "beer",
                "tin",
                "pour cup",
                "knuckles"
            ],
            "ingredientQuantity": [
                1,
                -1,
                -1,
                -1
            ],
            "resourcesRequired": [
                "cutting board1"
            ],
            "prepStep": false,
            "verbs": [
                "basted"
            ],
            "stepTime": 4,
            "userTime": 4,
            "holdingResource": "cutting board1",
            "holdingID": 2
        }
    },
    {
        "8": {
            "instructions": " Put the pan back into the oven",
            "ingredientList": [],
            "ingredientQuantity": [],
            "resourcesRequired": [
                "pan"
            ],
            "prepStep": false,
            "verbs": [
                "put"
            ],
            "stepTime": 0,
            "userTime": 0,
            "holdingResource": "cutting board1",
            "holdingID": 2
        }
    },
    {
        "9": {
            "instructions": " Lower the oven temperature to 325 degrees F and roast for 2 hours",
            "ingredientList": [],
            "ingredientQuantity": [],
            "resourcesRequired": [
                "oven"
            ],
            "prepStep": false,
            "verbs": [
                "lower"
            ],
            "stepTime": 120,
            "userTime": 2,
            "holdingResource": "cutting board1",
            "holdingID": 2
        }
    },
    {
        "10": {
            "instructions": "Turn the oven up again to 425 degrees F, and baste the hocks with the remaining beer",
            "ingredientList": [
                "remaining beer",
                "hocks",
                "oven"
            ],
            "ingredientQuantity": [
                -1,
                -1,
                -1
            ],
            "resourcesRequired": [
                "oven"
            ],
            "prepStep": false,
            "verbs": [
                "turn",
                "baste"
            ],
            "stepTime": 18,
            "userTime": 18,
            "holdingResource": "cutting board1",
            "holdingID": 2
        }
    },
    {
        "11": {
            "instructions": " Roast for 30 minutes more",
            "ingredientList": [],
            "ingredientQuantity": [],
            "resourcesRequired": [
                "oven"
            ],
            "prepStep": false,
            "verbs": [],
            "stepTime": 30,
            "userTime": 2,
            "holdingResource": "cutting board1",
            "holdingID": 2
        }
    },
    {
        "12": {
            "instructions": "Remove the tin from the oven and transfer the apples and potatoes to a warmed serving dish",
            "ingredientList": [
                "tin",
                "potatoes"
            ],
            "ingredientQuantity": [
                -1,
                -1
            ],
            "resourcesRequired": [
                "cutting board1"
            ],
            "prepStep": false,
            "verbs": [
                "remove",
                "transfer"
            ],
            "stepTime": 4,
            "userTime": 4,
            "holdingResource": "cutting board1",
            "holdingID": 2
        }
    },
    {
        "13": {
            "instructions": " Lift the knuckles onto a carving board and leave the onion and juices in the tin",
            "ingredientList": [
                "tin",
                "knuckles",
                "onion"
            ],
            "ingredientQuantity": [
                -1,
                -1,
                -1
            ],
            "resourcesRequired": [
                "board"
            ],
            "prepStep": false,
            "verbs": [
                "lift",
                "leave"
            ],
            "stepTime": 6,
            "userTime": 6,
            "holdingResource": "cutting board1",
            "holdingID": 2
        }
    },
    {
        "14": {
            "instructions": " Put the tin on the stove over medium heat and add 2 cups boiling water, stirring to deglaze the pan to make a gravy",
            "ingredientList": [
                "water",
                "tin",
                "gravy",
                "cups water"
            ],
            "ingredientQuantity": [
                -1,
                2,
                -1,
                -1
            ],
            "resourcesRequired": [
                "pan",
                "stove"
            ],
            "prepStep": false,
            "verbs": [
                "put",
                "add",
                "deglaze"
            ],
            "stepTime": 12,
            "userTime": 12,
            "holdingResource": "stove1",
            "holdingID": 3
        }
    },
    {
        "15": {
            "instructions": " Transfer the gravy to a serving bowl",
            "ingredientList": [
                "gravy"
            ],
            "ingredientQuantity": [
                -1
            ],
            "resourcesRequired": [
                "serving bowl"
            ],
            "prepStep": false,
            "verbs": [
                "transfer"
            ],
            "stepTime": 1,
            "userTime": 1,
            "holdingResource": "bowl2",
            "holdingID": 4
        }
    },
    {
        "16": {
            "instructions": "Take the crackling off the knuckles and break it into pieces, then add them to a serving bowl",
            "ingredientList": [
                "knuckles"
            ],
            "ingredientQuantity": [
                -1
            ],
            "resourcesRequired": [
                "serving bowl"
            ],
            "prepStep": false,
            "verbs": [
                "take",
                "break",
                "add"
            ],
            "stepTime": 3,
            "userTime": 3,
            "holdingResource": "bowl3",
            "holdingID": 5
        }
    },
    {
        "17": {
            "instructions": " Pull or carve the pork meat and add it to the bowl with the crackling",
            "ingredientList": [
                "pork meat"
            ],
            "ingredientQuantity": [
                -1
            ],
            "resourcesRequired": [
                "bowl"
            ],
            "prepStep": false,
            "verbs": [
                "pull",
                "carve",
                "add"
            ],
            "stepTime": 3,
            "userTime": 3,
            "holdingResource": "bowl4",
            "holdingID": 6
        }
    },
    {
        "18": {
            "instructions": " Serve with the apples, potatoes, gravy and some German mustard",
            "ingredientList": [
                "gravy",
                "potatoes",
                "apples",
                "German mustard"
            ],
            "ingredientQuantity": [
                -1,
                -1,
                -1,
                -1
            ],
            "resourcesRequired": [
                "bowl4"
            ],
            "prepStep": false,
            "verbs": [
                "serve"
            ],
            "stepTime": 1,
            "userTime": 1,
            "holdingResource": "bowl4",
            "holdingID": 6
        }
    },
    {
        "19": {
            "instructions": "Make Ahead Note:\n",
            "ingredientList": [],
            "ingredientQuantity": [],
            "resourcesRequired": [
                "bowl4"
            ],
            "prepStep": false,
            "verbs": [
                "make"
            ],
            "stepTime": 0,
            "userTime": 0,
            "holdingResource": "bowl4",
            "holdingID": 6
        }
    },
    {
        "20": {
            "instructions": "The pork and onions can be put in roasting tin up to 1 day ahead",
            "ingredientList": [
                "pork",
                "tin"
            ],
            "ingredientQuantity": [
                -1,
                -1
            ],
            "resourcesRequired": [
                "bowl1"
            ],
            "prepStep": false,
            "verbs": [
                "put",
                "roasting"
            ],
            "stepTime": 4,
            "userTime": 4,
            "holdingResource": "bowl1",
            "holdingID": 1
        }
    },
    {
        "21": {
            "instructions": " Cover with plastic wrap and refrigerate",
            "ingredientList": [
                "wrap"
            ],
            "ingredientQuantity": [
                -1
            ],
            "resourcesRequired": [
                "bowl1"
            ],
            "prepStep": false,
            "verbs": [
                "cover",
                "refrigerate"
            ],
            "stepTime": 2,
            "userTime": 2,
            "holdingResource": "bowl1",
            "holdingID": 1
        }
    },
    {
        "22": {
            "instructions": " Just before cooking, rub with the salt, caraway and garlic and cook as directed",
            "ingredientList": [
                "salt",
                "caraway",
                "garlic"
            ],
            "ingredientQuantity": [
                -1,
                -1,
                -1
            ],
            "resourcesRequired": [
                "bowl1"
            ],
            "prepStep": false,
            "verbs": [
                "rub"
            ],
            "stepTime": 3,
            "userTime": 3,
            "holdingResource": "bowl1",
            "holdingID": 1
        }
    },
    {
        "23": {
            "instructions": "Making leftovers right:\n",
            "ingredientList": [],
            "ingredientQuantity": [],
            "resourcesRequired": [
                "bowl1"
            ],
            "prepStep": false,
            "verbs": [
                "making"
            ],
            "stepTime": 0,
            "userTime": 0,
            "holdingResource": "bowl1",
            "holdingID": 1
        }
    },
    {
        "24": {
            "instructions": "Leftover pork can be stored in the refrigerator, tightly wrapped in aluminum foil, for up to 3 days",
            "ingredientList": [
                "pork"
            ],
            "ingredientQuantity": [
                -1
            ],
            "resourcesRequired": [
                "bowl1"
            ],
            "prepStep": false,
            "verbs": [
                "stored"
            ],
            "stepTime": 1,
            "userTime": 1,
            "holdingResource": "bowl1",
            "holdingID": 1
        }
    },
    {
        "25": {
            "instructions": " Eat it cold or reheat gently in a saucepan with leftover gravy, until piping hot",
            "ingredientList": [],
            "ingredientQuantity": [],
            "resourcesRequired": [
                "bowl1"
            ],
            "prepStep": false,
            "verbs": [
                "eat",
                "reheat",
                "piping"
            ],
            "stepTime": 0,
            "userTime": 0,
            "holdingResource": "bowl1",
            "holdingID": 1
        }
    },
    {
        "26": {
            "instructions": " You should store any leftover gravy in a separate airtight container in the in the refrigerator for 1 to 2 days",
            "ingredientList": [
                "gravy"
            ],
            "ingredientQuantity": [
                -1
            ],
            "resourcesRequired": [
                "bowl1"
            ],
            "prepStep": false,
            "verbs": [
                "store"
            ],
            "stepTime": 1,
            "userTime": 1,
            "holdingResource": "bowl1",
            "holdingID": 1
        }
    },
    {
        "27": {
            "instructions": "Leftover pork can be frozen for up to 2 months, tightly wrapped in foil, then defrosted overnight in the refrigerator",
            "ingredientList": [
                "pork"
            ],
            "ingredientQuantity": [
                -1
            ],
            "resourcesRequired": [
                "bowl1"
            ],
            "prepStep": false,
            "verbs": [
                "frozen",
                "defrosted"
            ],
            "stepTime": 2,
            "userTime": 2,
            "holdingResource": "bowl1",
            "holdingID": 1
        }
    },
    {
        "28": {
            "instructions": " Even if you have an amount too small to be useful by itself (a likely outcome), simply bag and mark it up and freeze it for future use in the Pantry Paella recipe",
            "ingredientList": [],
            "ingredientQuantity": [],
            "resourcesRequired": [
                "bag"
            ],
            "prepStep": false,
            "verbs": [
                "mark",
                "freeze"
            ],
            "stepTime": 0,
            "userTime": 0,
            "holdingResource": "bowl1",
            "holdingID": 1
        }
    }
]